// Jest Snapshot v1, https://goo.gl/fbAQLP

exports[`renders a snapshot 1`] = `
<div>
  <form
    className="App"
    onSubmit={[Function]}
  >
    <input
      onChange={[Function]}
      value=""
    />
    <button>
      Submit
    </button>
  </form>
  <ul />
</div>
`;
